// Jest Snapshot v1, https://goo.gl/fbAQLP

exports[`Button component should be render 1`] = `
<button
  className="css-1fk74k5"
  color="#fff"
  type="button"
>
  Click me
</button>
`;
